{"logTime": "0906/123206", "correlationVector":"DVQmHlHL32dfGGSlt2jbZW.1","action":"SyncServerConnectionManagerRequest", "result":"SYNC_SERVER_OK", "context":{"environment":"Prod_southindia_prod-s01-004-apac-southindia", "migrationStage":"NotStarted", "server":"akswtt107000011"}}
{"logTime": "0906/123206", "correlationVector":"DVQmHlHL32dfGGSlt2jbZW.2","action":"ProcessGetUpdates", "result":"Done", "context":{"dataType":"Encryption Keys", "deleted":"0", "process_failed_to_decrypt":"0", "process_pending_decryption":"0", "process_success":"1", "total":"1"}}
{"logTime": "0906/123207", "correlationVector":"3c8LLwAC4/nthhxvCPZUq7","action":"SyncServerConnectionManagerRequest", "result":"SYNC_SERVER_OK", "context":{"environment":"", "migrationStage":"", "server":""}}
{"logTime": "0906/123207", "correlationVector":"3c8LLwAC4/nthhxvCPZUq7.0","action":"EncryptionKeysFetcher.DownloadKeys:", "result":"Success", "context":Key count: 6, Last key timestamp: 2026-03-15T10:54:16Z}
{"logTime": "0906/123207", "correlationVector":"3c8LLwAC4/nthhxvCPZUq7.1","action":"EncryptionKeysManager::SetEncryptionKeys:", "result":"Success", "context":Key names[6]:[Bk1Tdd8szqqiHGOB6CYZUgu8lerKJZMyjhvl0EYlH2MO7aAiAQZ96i8tl0GTzn22YxEszsjusSaApo4GRR3j5A==][WKGKv/WnAlT+qQMvqzpWbZEQwVFON+nT1Uz94r7sEipSw3wt0Cx/0hnqCcNHmPa0uP3OmQTORr9luSuPv74ZeQ==][WqnUVwmZ7bRdPT3zI1OSuateUg66iJOA+qikTSS2eQNeIc8roBp6qxZsHfvqsPOalMo5JHS9rQg7IqMmK7AuwQ==][C55D5jLsWKdBfUl5CXrSLYIyHcT84vZXI6DdNpj9NhGvM2BJMDuqidTDoeE5oPdSX8LMyWO3SNb2FxmMQLy0Ww==][xMmaDjEXIlfLOmbpPvjJCipZVnPjDP513wlXR9+nCGJYjZ1Z0Sgm3zBY0O1kmkaszhVL15WCGqUlkk6/mSHc3Q==][XCEh1dJlc4bSc0+Afvv12RBPknQ5hOc0sOzpaDrkOk52QgNkkD31DYvu+AYyik8upUFTVAY9JVrk7gJ/ekfbZg==]}
{"logTime": "0906/123207", "correlationVector":"3c8LLwAC4/nthhxvCPZUq7.2","action":"EncryptionKeysManager::SetEncryptionKeysWithTimestamps:", "result":"Success", "context":Key timestamps[6]:[2024-07-18T07:21:33Z][2025-01-21T19:49:36Z][2025-07-30T09:12:11Z][2026-01-27T15:50:53Z][2026-02-27T11:52:18Z][2026-03-15T10:54:16Z]}
{"logTime": "0906/123207", "correlationVector":"DVQmHlHL32dfGGSlt2jbZW","action":"Initial GetUpdates", "result":"", "context":Reason: NEW_CLIENT. cV=DVQmHlHL32dfGGSlt2jbZW}
{"logTime": "0906/123207", "correlationVector":"DVQmHlHL32dfGGSlt2jbZW.3","action":"GetUpdates Response", "result":"Success", "context":Received 1 update(s). cV=DVQmHlHL32dfGGSlt2jbZW.0;server=akswtt107000011;cloudType=Consumer;environment=Prod_southindia_prod-s01-004-apac-southindia;migrationStage=NotStarted}
{"logTime": "0906/123207", "correlationVector":"dtojuTMtYaKJTDQD8kNnLD","action":"Initial GetUpdates", "result":"", "context":Reason: NEWLY_SUPPORTED_DATATYPE. cV=dtojuTMtYaKJTDQD8kNnLD}
{"logTime": "0906/123207", "correlationVector":"dtojuTMtYaKJTDQD8kNnLD.1","action":"SyncServerConnectionManagerRequest", "result":"SYNC_SERVER_OK", "context":{"environment":"Prod_southindia_prod-s01-004-apac-southindia", "migrationStage":"NotStarted", "server":"akswtt107000008"}}
{"logTime": "0906/123207", "correlationVector":"dtojuTMtYaKJTDQD8kNnLD.2","action":"ProcessGetUpdates", "result":"Done", "context":{"dataType":"Passwords", "deleted":"0", "process_failed_to_decrypt":"0", "process_pending_decryption":"0", "process_success":"19", "total":"19"}}
{"logTime": "0906/123207", "correlationVector":"dtojuTMtYaKJTDQD8kNnLD.3","action":"ProcessGetUpdates", "result":"Done", "context":{"dataType":"Device Info", "deleted":"0", "process_failed_to_decrypt":"0", "process_pending_decryption":"0", "process_success":"8", "total":"8"}}
{"logTime": "0906/123207", "correlationVector":"dtojuTMtYaKJTDQD8kNnLD.4","action":"GetUpdates Response", "result":"Success", "context":Received 27 update(s). cV=dtojuTMtYaKJTDQD8kNnLD.0;server=akswtt107000008;cloudType=Consumer;environment=Prod_southindia_prod-s01-004-apac-southindia;migrationStage=NotStarted}
{"logTime": "0906/123207", "correlationVector":"v44cGY1fkuxqE2tHOWeGHu","action":"Initial GetUpdates", "result":"", "context":Reason: NEWLY_SUPPORTED_DATATYPE. cV=v44cGY1fkuxqE2tHOWeGHu}
{"logTime": "0906/123208", "correlationVector":"v44cGY1fkuxqE2tHOWeGHu.1","action":"SyncServerConnectionManagerRequest", "result":"SYNC_SERVER_OK", "context":{"environment":"Prod_southindia_prod-s01-004-apac-southindia", "migrationStage":"NotStarted", "server":"akswtt10700000z"}}
{"logTime": "0906/123208", "correlationVector":"v44cGY1fkuxqE2tHOWeGHu.2","action":"ProcessGetUpdates", "result":"Done", "context":{"dataType":"Bookmarks", "deleted":"2", "process_failed_to_decrypt":"0", "process_pending_decryption":"0", "process_success":"12", "total":"12"}}
{"logTime": "0906/123208", "correlationVector":"v44cGY1fkuxqE2tHOWeGHu.3","action":"ProcessGetUpdates", "result":"Done", "context":{"dataType":"Preferences", "deleted":"0", "process_failed_to_decrypt":"0", "process_pending_decryption":"0", "process_success":"68", "total":"68"}}
{"logTime": "0906/123208", "correlationVector":"v44cGY1fkuxqE2tHOWeGHu.4","action":"ProcessGetUpdates", "result":"Done", "context":{"dataType":"Autofill Profiles", "deleted":"0", "process_failed_to_decrypt":"0", "process_pending_decryption":"0", "process_success":"1", "total":"1"}}
{"logTime": "0906/123208", "correlationVector":"v44cGY1fkuxqE2tHOWeGHu.5","action":"ProcessGetUpdates", "result":"Done", "context":{"dataType":"Autofill", "deleted":"0", "process_failed_to_decrypt":"0", "process_pending_decryption":"0", "process_success":"29", "total":"29"}}
{"logTime": "0906/123208", "correlationVector":"v44cGY1fkuxqE2tHOWeGHu.6","action":"ProcessGetUpdates", "result":"Done", "context":{"dataType":"Sessions", "deleted":"38", "process_failed_to_decrypt":"0", "process_pending_decryption":"0", "process_success":"45", "total":"45"}}
{"logTime": "0906/123208", "correlationVector":"v44cGY1fkuxqE2tHOWeGHu.7","action":"ProcessGetUpdates", "result":"Done", "context":{"dataType":"Edge Hub App Usage", "deleted":"2", "process_failed_to_decrypt":"0", "process_pending_decryption":"0", "process_success":"7", "total":"7"}}
{"logTime": "0906/123208", "correlationVector":"v44cGY1fkuxqE2tHOWeGHu.8","action":"GetUpdates Response", "result":"Success", "context":Received 162 update(s). cV=v44cGY1fkuxqE2tHOWeGHu.0;server=akswtt10700000z;cloudType=Consumer;environment=Prod_southindia_prod-s01-004-apac-southindia;migrationStage=NotStarted}
{"logTime": "0906/123208", "correlationVector":"QsvA8L6r57tQth4KviqnBv","action":"Initial GetUpdates", "result":"", "context":Reason: NEWLY_SUPPORTED_DATATYPE. cV=QsvA8L6r57tQth4KviqnBv}
{"logTime": "0906/123209", "correlationVector":"QsvA8L6r57tQth4KviqnBv.1","action":"SyncServerConnectionManagerRequest", "result":"SYNC_SERVER_OK", "context":{"environment":"Prod_southindia_prod-s01-004-apac-southindia", "migrationStage":"NotStarted", "server":"akswtt107000013"}}
{"logTime": "0906/123209", "correlationVector":"QsvA8L6r57tQth4KviqnBv.2","action":"ProcessGetUpdates", "result":"Done", "context":{"dataType":"History", "deleted":"0", "process_failed_to_decrypt":"0", "process_pending_decryption":"0", "process_success":"250", "total":"250"}}
{"logTime": "0906/123209", "correlationVector":"QsvA8L6r57tQth4KviqnBv.3","action":"GetUpdates Response", "result":"Success", "context":Received 250 update(s). cV=QsvA8L6r57tQth4KviqnBv.0;server=akswtt107000013;cloudType=Consumer;environment=Prod_southindia_prod-s01-004-apac-southindia;migrationStage=NotStarted Some updates remain.}
{"logTime": "0906/123209", "correlationVector":"+lfVtShuCBCfpZ3oKjl1hJ","action":"Initial GetUpdates", "result":"", "context":Reason: NEWLY_SUPPORTED_DATATYPE. cV=+lfVtShuCBCfpZ3oKjl1hJ}
{"logTime": "0906/123209", "correlationVector":"+lfVtShuCBCfpZ3oKjl1hJ.1","action":"SyncServerConnectionManagerRequest", "result":"SYNC_SERVER_OK", "context":{"environment":"Prod_southindia_prod-s01-004-apac-southindia", "migrationStage":"NotStarted", "server":"akswtt107000010"}}
{"logTime": "0906/123209", "correlationVector":"+lfVtShuCBCfpZ3oKjl1hJ.2","action":"ProcessGetUpdates", "result":"Done", "context":{"dataType":"History", "deleted":"0", "process_failed_to_decrypt":"0", "process_pending_decryption":"0", "process_success":"46", "total":"46"}}
{"logTime": "0906/123209", "correlationVector":"+lfVtShuCBCfpZ3oKjl1hJ.3","action":"GetUpdates Response", "result":"Success", "context":Received 46 update(s). cV=+lfVtShuCBCfpZ3oKjl1hJ.0;server=akswtt107000010;cloudType=Consumer;environment=Prod_southindia_prod-s01-004-apac-southindia;migrationStage=NotStarted}
{"logTime": "0906/123209", "correlationVector":"MP3mW8Z2+MrdSKGH7BxkGA","action":"Normal GetUpdate request", "result":"", "context":cV=MP3mW8Z2+MrdSKGH7BxkGA
Nudged types: Sessions, Device Info, User Consents, Edge Hub App Usage
Refresh requested types: Bookmarks, Preferences, Passwords, Autofill Profiles, Autofill, Extensions, Sessions, Extension settings, History Delete Directives, Device Info, User Consents, Send Tab To Self, Web Apps, History, Saved Tab Group, WebAuthn Credentials, Edge Hub App Usage, Edge Workspace, Encryption Keys}
{"logTime": "0906/123210", "correlationVector":"MP3mW8Z2+MrdSKGH7BxkGA.1","action":"SyncServerConnectionManagerRequest", "result":"SYNC_SERVER_OK", "context":{"environment":"Prod_southindia_prod-s01-004-apac-southindia", "migrationStage":"NotStarted", "server":"akswtt107000023"}}
{"logTime": "0906/123210", "correlationVector":"MP3mW8Z2+MrdSKGH7BxkGA.2","action":"GetUpdates Response", "result":"Success", "context":Received 0 update(s). cV=MP3mW8Z2+MrdSKGH7BxkGA.0;server=akswtt107000023;cloudType=Consumer;environment=Prod_southindia_prod-s01-004-apac-southindia;migrationStage=NotStarted}
{"logTime": "0906/123210", "correlationVector":"ScaozQ3w/OY4zRl5nXX8iw","action":"DoCompareDataConsistency requsted types: ", "result":"Bookmarks, Preferences, Passwords, Extensions, Extension settings, History Delete Directives, Send Tab To Self, Web Apps, History, Saved Tab Group, WebAuthn Credentials, Edge Workspace, Encryption Keys"}
{"logTime": "0906/123210", "correlationVector":"ScaozQ3w/OY4zRl5nXX8iw.0","action":"CompareDataConsistency result: ", "result":"Compare result: Encryption Keys is consistent. local entities count is: 1 local entities hash is: i/iqnjVRu+C9zaA6UdvaE48RVZE="}
{"logTime": "0906/123210", "correlationVector":"ScaozQ3w/OY4zRl5nXX8iw.1","action":"CompareDataConsistency result: ", "result":"Compare result: Bookmarks is consistent. local entities count is: 4 local entities hash is: DpZF7uerLso+/baS1xnlg7gVO2E="}
{"logTime": "0906/123210", "correlationVector":"ScaozQ3w/OY4zRl5nXX8iw.2","action":"CompareDataConsistency result: ", "result":"Compare result: Preferences is consistent. local entities count is: 68 local entities hash is: DSzYvaSt0Y6S638SJCrXUJ9JEz8="}
{"logTime": "0906/123210", "correlationVector":"ScaozQ3w/OY4zRl5nXX8iw.3","action":"CompareDataConsistency result: ", "result":"Compare result: Extensions is consistent. local entities count is: 0 local entities hash is: "}
{"logTime": "0906/123210", "correlationVector":"ScaozQ3w/OY4zRl5nXX8iw.4","action":"CompareDataConsistency result: ", "result":"Compare result: Extension settings is consistent. local entities count is: 0 local entities hash is: "}
{"logTime": "0906/123210", "correlationVector":"ScaozQ3w/OY4zRl5nXX8iw.5","action":"CompareDataConsistency result: ", "result":"Compare result: History Delete Directives is consistent. local entities count is: 0 local entities hash is: "}
{"logTime": "0906/123210", "correlationVector":"ScaozQ3w/OY4zRl5nXX8iw.6","action":"CompareDataConsistency result: ", "result":"Server did not send this Send Tab To Self local entities count is: 0 local entities hash is: "}
{"logTime": "0906/123210", "correlationVector":"ScaozQ3w/OY4zRl5nXX8iw.7","action":"CompareDataConsistency result: ", "result":"Compare result: Web Apps is consistent. local entities count is: 0 local entities hash is: "}
{"logTime": "0906/123210", "correlationVector":"ScaozQ3w/OY4zRl5nXX8iw.8","action":"CompareDataConsistency result: ", "result":"Server did not send this History local entities count is: 0 local entities hash is: "}
{"logTime": "0906/123210", "correlationVector":"ScaozQ3w/OY4zRl5nXX8iw.9","action":"CompareDataConsistency result: ", "result":"Compare result: Saved Tab Group is consistent. local entities count is: 0 local entities hash is: "}
{"logTime": "0906/123210", "correlationVector":"ScaozQ3w/OY4zRl5nXX8iw.10","action":"CompareDataConsistency result: ", "result":"Server did not send this WebAuthn Credentials local entities count is: 0 local entities hash is: "}
{"logTime": "0906/123210", "correlationVector":"ScaozQ3w/OY4zRl5nXX8iw.11","action":"CompareDataConsistency result: ", "result":"Server did not send this Edge Workspace local entities count is: 0 local entities hash is: "}
{"logTime": "0906/123210", "correlationVector":"ScaozQ3w/OY4zRl5nXX8iw.12","action":"CompareDataConsistency result: ", "result":"Compare result: Passwords is consistent. local entities count is: 19 local entities hash is: zWD+u4sOuwOC+1PyGqv7uzEHei8="}
{"logTime": "0906/123210", "correlationVector":"iTjcQBTvBV00Z4IoJE/mTH","action":"Commit Request", "result":"", "context":Item count: 5
Contributing types: Sessions, Device Info, User Consents, Edge Hub App Usage}
{"logTime": "0906/123211", "correlationVector":"iTjcQBTvBV00Z4IoJE/mTH.1","action":"SyncServerConnectionManagerRequest", "result":"SYNC_SERVER_OK", "context":{"environment":"Prod_southindia_prod-s01-004-apac-southindia", "migrationStage":"NotStarted", "server":"akswtt10700003k"}}
{"logTime": "0906/123211", "correlationVector":"iTjcQBTvBV00Z4IoJE/mTH.2","action":"Commit Response", "result":"Success", "context":Result: Success. cV=iTjcQBTvBV00Z4IoJE/mTH.0;server=akswtt10700003k;cloudType=Consumer;environment=Prod_southindia_prod-s01-004-apac-southindia;migrationStage=NotStarted}
{"logTime": "0906/123211", "correlationVector":"","action":"DIAGNOSTIC_REQUEST|v1/diagnosticData/Diagnostic.SendCheckResult()|SUCCESS", "result":""}
{"logTime": "0906/124724", "correlationVector":"vArnW6VVqvA/kkoot/yGAw","action":"Normal GetUpdate request", "result":"", "context":cV=vArnW6VVqvA/kkoot/yGAw
Nudged types: Sessions
Refresh requested types: Bookmarks, Preferences, Passwords, Autofill Profiles, Autofill, Extensions, Sessions, Extension settings, History Delete Directives, Device Info, User Consents, Send Tab To Self, Web Apps, History, Saved Tab Group, WebAuthn Credentials, Edge Hub App Usage, Edge Workspace, Encryption Keys}
{"logTime": "0906/124724", "correlationVector":"vArnW6VVqvA/kkoot/yGAw.1","action":"SyncServerConnectionManagerRequest", "result":"SYNC_SERVER_OK", "context":{"environment":"Prod_southindia_prod-s01-004-apac-southindia", "migrationStage":"NotStarted", "server":"akswtt10700003i"}}
{"logTime": "0906/124724", "correlationVector":"vArnW6VVqvA/kkoot/yGAw.2","action":"ProcessGetUpdates", "result":"Done", "context":{"dataType":"Sessions", "deleted":"0", "process_failed_to_decrypt":"0", "process_pending_decryption":"0", "process_success":"2", "total":"2"}}
{"logTime": "0906/124724", "correlationVector":"vArnW6VVqvA/kkoot/yGAw.3","action":"ProcessGetUpdates", "result":"Done", "context":{"dataType":"Device Info", "deleted":"0", "process_failed_to_decrypt":"0", "process_pending_decryption":"0", "process_success":"1", "total":"1"}}
{"logTime": "0906/124724", "correlationVector":"vArnW6VVqvA/kkoot/yGAw.4","action":"ProcessGetUpdates", "result":"Done", "context":{"dataType":"Edge Hub App Usage", "deleted":"0", "process_failed_to_decrypt":"0", "process_pending_decryption":"0", "process_success":"1", "total":"1"}}
{"logTime": "0906/124724", "correlationVector":"vArnW6VVqvA/kkoot/yGAw.5","action":"GetUpdates Response", "result":"Success", "context":Received 4 update(s). cV=vArnW6VVqvA/kkoot/yGAw.0;server=akswtt10700003i;cloudType=Consumer;environment=Prod_southindia_prod-s01-004-apac-southindia;migrationStage=NotStarted}
{"logTime": "0906/124724", "correlationVector":"1OcU8Uhk4loTZdDVC/qJKO","action":"Commit Request", "result":"", "context":Item count: 3
Contributing types: Sessions, History}
{"logTime": "0906/124725", "correlationVector":"1OcU8Uhk4loTZdDVC/qJKO.1","action":"SyncServerConnectionManagerRequest", "result":"SYNC_SERVER_OK", "context":{"environment":"Prod_southindia_prod-s01-004-apac-southindia", "migrationStage":"NotStarted", "server":"akswtt107000013"}}
{"logTime": "0906/124725", "correlationVector":"1OcU8Uhk4loTZdDVC/qJKO.2","action":"Commit Response", "result":"Success", "context":Result: Success. cV=1OcU8Uhk4loTZdDVC/qJKO.0;server=akswtt107000013;cloudType=Consumer;environment=Prod_southindia_prod-s01-004-apac-southindia;migrationStage=NotStarted}
{"logTime": "0906/125100", "correlationVector":"pFXvVaXSyRwBs1M+fkoV21","action":"Normal GetUpdate request", "result":"", "context":cV=pFXvVaXSyRwBs1M+fkoV21
Nudged types: Sessions, History
Refresh requested types: Bookmarks, Preferences, Passwords, Autofill Profiles, Autofill, Extensions, Sessions, Extension settings, History Delete Directives, Device Info, User Consents, Send Tab To Self, Web Apps, History, Saved Tab Group, WebAuthn Credentials, Edge Hub App Usage, Edge Workspace, Encryption Keys}
{"logTime": "0906/125100", "correlationVector":"pFXvVaXSyRwBs1M+fkoV21.1","action":"SyncServerConnectionManagerRequest", "result":"SYNC_SERVER_OK", "context":{"environment":"Prod_southindia_prod-s01-004-apac-southindia", "migrationStage":"NotStarted", "server":"akswtt10700000o"}}
{"logTime": "0906/125100", "correlationVector":"pFXvVaXSyRwBs1M+fkoV21.2","action":"ProcessGetUpdates", "result":"Done", "context":{"dataType":"Sessions", "deleted":"0", "process_failed_to_decrypt":"0", "process_pending_decryption":"0", "process_success":"2", "total":"2"}}
{"logTime": "0906/125100", "correlationVector":"pFXvVaXSyRwBs1M+fkoV21.3","action":"ProcessGetUpdates", "result":"Done", "context":{"dataType":"History", "deleted":"0", "process_failed_to_decrypt":"0", "process_pending_decryption":"0", "process_success":"1", "total":"1"}}
{"logTime": "0906/125100", "correlationVector":"pFXvVaXSyRwBs1M+fkoV21.4","action":"GetUpdates Response", "result":"Success", "context":Received 3 update(s). cV=pFXvVaXSyRwBs1M+fkoV21.0;server=akswtt10700000o;cloudType=Consumer;environment=Prod_southindia_prod-s01-004-apac-southindia;migrationStage=NotStarted}
{"logTime": "0906/125100", "correlationVector":"Av342Gj9vJ/P/ZJpfD3wRg","action":"Commit Request", "result":"", "context":Item count: 6
Contributing types: Sessions, History}
{"logTime": "0906/125102", "correlationVector":"Av342Gj9vJ/P/ZJpfD3wRg.1","action":"SyncServerConnectionManagerRequest", "result":"SYNC_SERVER_OK", "context":{"environment":"Prod_southindia_prod-s01-004-apac-southindia", "migrationStage":"NotStarted", "server":"akswtt107000031"}}
{"logTime": "0906/125102", "correlationVector":"Av342Gj9vJ/P/ZJpfD3wRg.3","action":"Commit.Sessions", "result":"Success", "context":{"id":"daf7328e-6742-4d40-a37e-1d5445f05bbe", "isDeleted":"true", "size":"0", "version":"1788697930480"}}
{"logTime": "0906/125102", "correlationVector":"Av342Gj9vJ/P/ZJpfD3wRg.2","action":"Commit Response", "result":"Success", "context":Result: Success. cV=Av342Gj9vJ/P/ZJpfD3wRg.0;server=akswtt107000031;cloudType=Consumer;environment=Prod_southindia_prod-s01-004-apac-southindia;migrationStage=NotStarted}
{"logTime": "0906/125129", "correlationVector":"lzbo9FP/J8qVhXCyNYU7cH","action":"Normal GetUpdate request", "result":"", "context":cV=lzbo9FP/J8qVhXCyNYU7cH
Nudged types: Sessions, History
Refresh requested types: Bookmarks, Preferences, Passwords, Autofill Profiles, Autofill, Extensions, Sessions, Extension settings, History Delete Directives, Device Info, User Consents, Send Tab To Self, Web Apps, History, Saved Tab Group, WebAuthn Credentials, Edge Hub App Usage, Edge Workspace, Encryption Keys}
{"logTime": "0906/125129", "correlationVector":"lzbo9FP/J8qVhXCyNYU7cH.1","action":"SyncServerConnectionManagerRequest", "result":"SYNC_SERVER_OK", "context":{"environment":"Prod_southindia_prod-s01-004-apac-southindia", "migrationStage":"NotStarted", "server":"akswtt10700000c"}}
{"logTime": "0906/125129", "correlationVector":"lzbo9FP/J8qVhXCyNYU7cH.2","action":"ProcessGetUpdates", "result":"Done", "context":{"dataType":"Sessions", "deleted":"1", "process_failed_to_decrypt":"0", "process_pending_decryption":"0", "process_success":"4", "total":"4"}}
{"logTime": "0906/125129", "correlationVector":"lzbo9FP/J8qVhXCyNYU7cH.3","action":"ProcessGetUpdates", "result":"Done", "context":{"dataType":"History", "deleted":"0", "process_failed_to_decrypt":"0", "process_pending_decryption":"0", "process_success":"2", "total":"2"}}
{"logTime": "0906/125129", "correlationVector":"lzbo9FP/J8qVhXCyNYU7cH.4","action":"GetUpdates Response", "result":"Success", "context":Received 6 update(s). cV=lzbo9FP/J8qVhXCyNYU7cH.0;server=akswtt10700000c;cloudType=Consumer;environment=Prod_southindia_prod-s01-004-apac-southindia;migrationStage=NotStarted}
{"logTime": "0906/125129", "correlationVector":"IiSStvDhVWUjmJi0EgTe0a","action":"Commit Request", "result":"", "context":Item count: 6
Contributing types: Sessions, History}
{"logTime": "0906/125131", "correlationVector":"IiSStvDhVWUjmJi0EgTe0a.1","action":"SyncServerConnectionManagerRequest", "result":"SYNC_SERVER_OK", "context":{"environment":"Prod_southindia_prod-s01-004-apac-southindia", "migrationStage":"NotStarted", "server":"akswtt107000009"}}
{"logTime": "0906/125131", "correlationVector":"IiSStvDhVWUjmJi0EgTe0a.3","action":"Commit.Sessions", "result":"Success", "context":{"id":"2d9d115d-1a2a-4fc3-9846-f3686880dc6d", "isDeleted":"true", "size":"0", "version":"1788699061241"}}
{"logTime": "0906/125131", "correlationVector":"IiSStvDhVWUjmJi0EgTe0a.2","action":"Commit Response", "result":"Success", "context":Result: Success. cV=IiSStvDhVWUjmJi0EgTe0a.0;server=akswtt107000009;cloudType=Consumer;environment=Prod_southindia_prod-s01-004-apac-southindia;migrationStage=NotStarted}
{"logTime": "0906/125212", "correlationVector":"9c5cvOH3Z9kVf6Cpr/Rqo5","action":"Normal GetUpdate request", "result":"", "context":cV=9c5cvOH3Z9kVf6Cpr/Rqo5
Nudged types: Sessions, History
Refresh requested types: Bookmarks, Preferences, Passwords, Autofill Profiles, Autofill, Extensions, Sessions, Extension settings, History Delete Directives, Device Info, User Consents, Send Tab To Self, Web Apps, History, Saved Tab Group, WebAuthn Credentials, Edge Hub App Usage, Edge Workspace, Encryption Keys}
{"logTime": "0906/125213", "correlationVector":"9c5cvOH3Z9kVf6Cpr/Rqo5.1","action":"SyncServerConnectionManagerRequest", "result":"SYNC_SERVER_OK", "context":{"environment":"Prod_southindia_prod-s01-004-apac-southindia", "migrationStage":"NotStarted", "server":"akswtt10700000e"}}
{"logTime": "0906/125213", "correlationVector":"9c5cvOH3Z9kVf6Cpr/Rqo5.2","action":"ProcessGetUpdates", "result":"Done", "context":{"dataType":"Sessions", "deleted":"1", "process_failed_to_decrypt":"0", "process_pending_decryption":"0", "process_success":"4", "total":"4"}}
{"logTime": "0906/125213", "correlationVector":"9c5cvOH3Z9kVf6Cpr/Rqo5.3","action":"ProcessGetUpdates", "result":"Done", "context":{"dataType":"History", "deleted":"0", "process_failed_to_decrypt":"0", "process_pending_decryption":"0", "process_success":"2", "total":"2"}}
{"logTime": "0906/125213", "correlationVector":"9c5cvOH3Z9kVf6Cpr/Rqo5.4","action":"GetUpdates Response", "result":"Success", "context":Received 6 update(s). cV=9c5cvOH3Z9kVf6Cpr/Rqo5.0;server=akswtt10700000e;cloudType=Consumer;environment=Prod_southindia_prod-s01-004-apac-southindia;migrationStage=NotStarted}
{"logTime": "0906/125213", "correlationVector":"AgEBnsGKCfF/MS5zR5iAST","action":"Commit Request", "result":"", "context":Item count: 6
Contributing types: Sessions, History}
{"logTime": "0906/125214", "correlationVector":"AgEBnsGKCfF/MS5zR5iAST.1","action":"SyncServerConnectionManagerRequest", "result":"SYNC_SERVER_OK", "context":{"environment":"Prod_southindia_prod-s01-004-apac-southindia", "migrationStage":"NotStarted", "server":"akswtt107000011"}}
{"logTime": "0906/125214", "correlationVector":"AgEBnsGKCfF/MS5zR5iAST.3","action":"Commit.Sessions", "result":"Success", "context":{"id":"276f9ef4-5048-43fe-bbe4-3e6bf0a47fb3", "isDeleted":"true", "size":"0", "version":"1788699090274"}}
{"logTime": "0906/125214", "correlationVector":"AgEBnsGKCfF/MS5zR5iAST.2","action":"Commit Response", "result":"Success", "context":Result: Success. cV=AgEBnsGKCfF/MS5zR5iAST.0;server=akswtt107000011;cloudType=Consumer;environment=Prod_southindia_prod-s01-004-apac-southindia;migrationStage=NotStarted}
{"logTime": "0906/141856", "correlationVector":"FMoi/bVPSf1BymvChIA0HM","action":"Normal GetUpdate request", "result":"", "context":cV=FMoi/bVPSf1BymvChIA0HM
Nudged types: Sessions, History
Refresh requested types: Bookmarks, Preferences, Passwords, Autofill Profiles, Autofill, Extensions, Sessions, Extension settings, History Delete Directives, Device Info, User Consents, Send Tab To Self, Web Apps, History, Saved Tab Group, WebAuthn Credentials, Edge Hub App Usage, Edge Workspace, Encryption Keys}
{"logTime": "0906/141856", "correlationVector":"FMoi/bVPSf1BymvChIA0HM.1","action":"SyncServerConnectionManagerRequest", "result":"SYNC_SERVER_OK", "context":{"environment":"Prod_southindia_prod-s01-004-apac-southindia", "migrationStage":"NotStarted", "server":"akswtt10700000t"}}
{"logTime": "0906/141856", "correlationVector":"FMoi/bVPSf1BymvChIA0HM.2","action":"ProcessGetUpdates", "result":"Done", "context":{"dataType":"Sessions", "deleted":"1", "process_failed_to_decrypt":"0", "process_pending_decryption":"0", "process_success":"4", "total":"4"}}
{"logTime": "0906/141856", "correlationVector":"FMoi/bVPSf1BymvChIA0HM.3","action":"ProcessGetUpdates", "result":"Done", "context":{"dataType":"History", "deleted":"0", "process_failed_to_decrypt":"0", "process_pending_decryption":"0", "process_success":"2", "total":"2"}}
{"logTime": "0906/141856", "correlationVector":"FMoi/bVPSf1BymvChIA0HM.4","action":"GetUpdates Response", "result":"Success", "context":Received 6 update(s). cV=FMoi/bVPSf1BymvChIA0HM.0;server=akswtt10700000t;cloudType=Consumer;environment=Prod_southindia_prod-s01-004-apac-southindia;migrationStage=NotStarted}
{"logTime": "0906/141856", "correlationVector":"BB8rRYcpPBtWpuoK83JOKO","action":"Commit Request", "result":"", "context":Item count: 6
Contributing types: Sessions, History}
{"logTime": "0906/141858", "correlationVector":"BB8rRYcpPBtWpuoK83JOKO.1","action":"SyncServerConnectionManagerRequest", "result":"SYNC_SERVER_OK", "context":{"environment":"Prod_southindia_prod-s01-004-apac-southindia", "migrationStage":"NotStarted", "server":"akswtt10700001g"}}
{"logTime": "0906/141858", "correlationVector":"BB8rRYcpPBtWpuoK83JOKO.3","action":"Commit.Sessions", "result":"Success", "context":{"id":"6b0f3002-d283-4756-b89d-bf4f3698aa86", "isDeleted":"true", "size":"0", "version":"1788699133826"}}
{"logTime": "0906/141858", "correlationVector":"BB8rRYcpPBtWpuoK83JOKO.2","action":"Commit Response", "result":"Success", "context":Result: Success. cV=BB8rRYcpPBtWpuoK83JOKO.0;server=akswtt10700001g;cloudType=Consumer;environment=Prod_southindia_prod-s01-004-apac-southindia;migrationStage=NotStarted}
{"logTime": "0906/141935", "correlationVector":"Zd5Ijzi3NJu3zrbSAsUb9K","action":"Normal GetUpdate request", "result":"", "context":cV=Zd5Ijzi3NJu3zrbSAsUb9K
Nudged types: Sessions, History
Refresh requested types: Bookmarks, Preferences, Passwords, Autofill Profiles, Autofill, Extensions, Sessions, Extension settings, History Delete Directives, Device Info, User Consents, Send Tab To Self, Web Apps, History, Saved Tab Group, WebAuthn Credentials, Edge Hub App Usage, Edge Workspace, Encryption Keys}
{"logTime": "0906/141935", "correlationVector":"Zd5Ijzi3NJu3zrbSAsUb9K.1","action":"SyncServerConnectionManagerRequest", "result":"SYNC_SERVER_OK", "context":{"environment":"Prod_southindia_prod-s01-004-apac-southindia", "migrationStage":"NotStarted", "server":"akswtt10700000c"}}
{"logTime": "0906/141935", "correlationVector":"Zd5Ijzi3NJu3zrbSAsUb9K.2","action":"ProcessGetUpdates", "result":"Done", "context":{"dataType":"Sessions", "deleted":"1", "process_failed_to_decrypt":"0", "process_pending_decryption":"0", "process_success":"3", "total":"3"}}
{"logTime": "0906/141935", "correlationVector":"Zd5Ijzi3NJu3zrbSAsUb9K.3","action":"ProcessGetUpdates", "result":"Done", "context":{"dataType":"History", "deleted":"0", "process_failed_to_decrypt":"0", "process_pending_decryption":"0", "process_success":"3", "total":"3"}}
{"logTime": "0906/141935", "correlationVector":"Zd5Ijzi3NJu3zrbSAsUb9K.4","action":"GetUpdates Response", "result":"Success", "context":Received 6 update(s). cV=Zd5Ijzi3NJu3zrbSAsUb9K.0;server=akswtt10700000c;cloudType=Consumer;environment=Prod_southindia_prod-s01-004-apac-southindia;migrationStage=NotStarted}
{"logTime": "0906/141935", "correlationVector":"lcUuTlHZWHzZr+z3zxgSib","action":"Commit Request", "result":"", "context":Item count: 8
Contributing types: Sessions, History}
{"logTime": "0906/141936", "correlationVector":"lcUuTlHZWHzZr+z3zxgSib.1","action":"SyncServerConnectionManagerRequest", "result":"SYNC_SERVER_OK", "context":{"environment":"Prod_southindia_prod-s01-004-apac-southindia", "migrationStage":"NotStarted", "server":"akswtt107000030"}}
{"logTime": "0906/141936", "correlationVector":"lcUuTlHZWHzZr+z3zxgSib.2","action":"Commit Response", "result":"Success", "context":Result: Success. cV=lcUuTlHZWHzZr+z3zxgSib.0;server=akswtt107000030;cloudType=Consumer;environment=Prod_southindia_prod-s01-004-apac-southindia;migrationStage=NotStarted}
{"logTime": "0906/152659", "correlationVector":"PkHn0GmUEMrfZfCbJiAK1y","action":"Normal GetUpdate request", "result":"", "context":cV=PkHn0GmUEMrfZfCbJiAK1y
Nudged types: Sessions, History
Refresh requested types: Bookmarks, Preferences, Passwords, Autofill Profiles, Autofill, Extensions, Sessions, Extension settings, History Delete Directives, Device Info, User Consents, Send Tab To Self, Web Apps, History, Saved Tab Group, WebAuthn Credentials, Edge Hub App Usage, Edge Workspace, Encryption Keys}
{"logTime": "0906/152700", "correlationVector":"PkHn0GmUEMrfZfCbJiAK1y.1","action":"SyncServerConnectionManagerRequest", "result":"SYNC_SERVER_OK", "context":{"environment":"Prod_southindia_prod-s01-004-apac-southindia", "migrationStage":"NotStarted", "server":"akswtt107000037"}}
{"logTime": "0906/152700", "correlationVector":"PkHn0GmUEMrfZfCbJiAK1y.2","action":"ProcessGetUpdates", "result":"Done", "context":{"dataType":"Sessions", "deleted":"0", "process_failed_to_decrypt":"0", "process_pending_decryption":"0", "process_success":"3", "total":"3"}}
{"logTime": "0906/152700", "correlationVector":"PkHn0GmUEMrfZfCbJiAK1y.3","action":"ProcessGetUpdates", "result":"Done", "context":{"dataType":"History", "deleted":"0", "process_failed_to_decrypt":"0", "process_pending_decryption":"0", "process_success":"5", "total":"5"}}
{"logTime": "0906/152700", "correlationVector":"PkHn0GmUEMrfZfCbJiAK1y.4","action":"GetUpdates Response", "result":"Success", "context":Received 8 update(s). cV=PkHn0GmUEMrfZfCbJiAK1y.0;server=akswtt107000037;cloudType=Consumer;environment=Prod_southindia_prod-s01-004-apac-southindia;migrationStage=NotStarted}
{"logTime": "0906/152700", "correlationVector":"kAkB4MVETwIV0nDPmbgmiI","action":"Commit Request", "result":"", "context":Item count: 9
Contributing types: Sessions, History}
{"logTime": "0906/152702", "correlationVector":"kAkB4MVETwIV0nDPmbgmiI.1","action":"SyncServerConnectionManagerRequest", "result":"SYNC_SERVER_OK", "context":{"environment":"Prod_southindia_prod-s01-004-apac-southindia", "migrationStage":"NotStarted", "server":"akswtt10700000a"}}
{"logTime": "0906/152702", "correlationVector":"kAkB4MVETwIV0nDPmbgmiI.3","action":"Commit.Sessions", "result":"Success", "context":{"id":"c866acce-436b-4b26-948b-09cc81d93163", "isDeleted":"true", "size":"0", "version":"1788704375880"}}
{"logTime": "0906/152702", "correlationVector":"kAkB4MVETwIV0nDPmbgmiI.2","action":"Commit Response", "result":"Success", "context":Result: Success. cV=kAkB4MVETwIV0nDPmbgmiI.0;server=akswtt10700000a;cloudType=Consumer;environment=Prod_southindia_prod-s01-004-apac-southindia;migrationStage=NotStarted}
{"logTime": "0906/152830", "correlationVector":"J0yLKtuovpGl+2Zgoc3cWm","action":"Normal GetUpdate request", "result":"", "context":cV=J0yLKtuovpGl+2Zgoc3cWm
Nudged types: Sessions, History
Refresh requested types: Bookmarks, Preferences, Passwords, Autofill Profiles, Autofill, Extensions, Sessions, Extension settings, History Delete Directives, Device Info, User Consents, Send Tab To Self, Web Apps, History, Saved Tab Group, WebAuthn Credentials, Edge Hub App Usage, Edge Workspace, Encryption Keys}
{"logTime": "0906/152830", "correlationVector":"J0yLKtuovpGl+2Zgoc3cWm.1","action":"SyncServerConnectionManagerRequest", "result":"SYNC_SERVER_OK", "context":{"environment":"Prod_southindia_prod-s01-004-apac-southindia", "migrationStage":"NotStarted", "server":"akswtt10700001e"}}
{"logTime": "0906/152830", "correlationVector":"J0yLKtuovpGl+2Zgoc3cWm.2","action":"ProcessGetUpdates", "result":"Done", "context":{"dataType":"Sessions", "deleted":"1", "process_failed_to_decrypt":"0", "process_pending_decryption":"0", "process_success":"3", "total":"3"}}
{"logTime": "0906/152830", "correlationVector":"J0yLKtuovpGl+2Zgoc3cWm.3","action":"ProcessGetUpdates", "result":"Done", "context":{"dataType":"History", "deleted":"0", "process_failed_to_decrypt":"0", "process_pending_decryption":"0", "process_success":"11", "total":"11"}}
{"logTime": "0906/152830", "correlationVector":"J0yLKtuovpGl+2Zgoc3cWm.4","action":"GetUpdates Response", "result":"Success", "context":Received 14 update(s). cV=J0yLKtuovpGl+2Zgoc3cWm.0;server=akswtt10700001e;cloudType=Consumer;environment=Prod_southindia_prod-s01-004-apac-southindia;migrationStage=NotStarted}
{"logTime": "0906/152830", "correlationVector":"WCUfMvXYLOCpqTDufw4v3w","action":"Commit Request", "result":"", "context":Item count: 3
Contributing types: Sessions}
{"logTime": "0906/152831", "correlationVector":"WCUfMvXYLOCpqTDufw4v3w.1","action":"SyncServerConnectionManagerRequest", "result":"SYNC_SERVER_OK", "context":{"environment":"Prod_southindia_prod-s01-004-apac-southindia", "migrationStage":"NotStarted", "server":"akswtt10700001k"}}
{"logTime": "0906/152831", "correlationVector":"WCUfMvXYLOCpqTDufw4v3w.2","action":"Commit Response", "result":"Success", "context":Result: Success. cV=WCUfMvXYLOCpqTDufw4v3w.0;server=akswtt10700001k;cloudType=Consumer;environment=Prod_southindia_prod-s01-004-apac-southindia;migrationStage=NotStarted}
{"logTime": "0906/155152", "correlationVector":"HUyjfUzMDar0VMJK48Ja3E","action":"Normal GetUpdate request", "result":"", "context":cV=HUyjfUzMDar0VMJK48Ja3E
Nudged types: Sessions, History
Refresh requested types: Bookmarks, Preferences, Passwords, Autofill Profiles, Autofill, Extensions, Sessions, Extension settings, History Delete Directives, Device Info, User Consents, Send Tab To Self, Web Apps, History, Saved Tab Group, WebAuthn Credentials, Edge Hub App Usage, Edge Workspace, Encryption Keys}
{"logTime": "0906/155153", "correlationVector":"HUyjfUzMDar0VMJK48Ja3E.1","action":"SyncServerConnectionManagerRequest", "result":"SYNC_SERVER_OK", "context":{"environment":"Prod_southindia_prod-s01-004-apac-southindia", "migrationStage":"NotStarted", "server":"akswtt10700001b"}}
{"logTime": "0906/155153", "correlationVector":"HUyjfUzMDar0VMJK48Ja3E.2","action":"ProcessGetUpdates", "result":"Done", "context":{"dataType":"Sessions", "deleted":"0", "process_failed_to_decrypt":"0", "process_pending_decryption":"0", "process_success":"3", "total":"3"}}
{"logTime": "0906/155153", "correlationVector":"HUyjfUzMDar0VMJK48Ja3E.3","action":"ProcessGetUpdates", "result":"Done", "context":{"dataType":"History", "deleted":"0", "process_failed_to_decrypt":"0", "process_pending_decryption":"0", "process_success":"11", "total":"11"}}
{"logTime": "0906/155153", "correlationVector":"HUyjfUzMDar0VMJK48Ja3E.4","action":"GetUpdates Response", "result":"Success", "context":Received 14 update(s). cV=HUyjfUzMDar0VMJK48Ja3E.0;server=akswtt10700001b;cloudType=Consumer;environment=Prod_southindia_prod-s01-004-apac-southindia;migrationStage=NotStarted}
{"logTime": "0906/155153", "correlationVector":"k1V0pSeFkQm2kUtvR4KGu9","action":"Commit Request", "result":"", "context":Item count: 4
Contributing types: Sessions, History}
{"logTime": "0906/155153", "correlationVector":"k1V0pSeFkQm2kUtvR4KGu9.1","action":"SyncServerConnectionManagerRequest", "result":"SYNC_SERVER_OK", "context":{"environment":"Prod_southindia_prod-s01-004-apac-southindia", "migrationStage":"NotStarted", "server":"akswtt10700000l"}}
{"logTime": "0906/155153", "correlationVector":"k1V0pSeFkQm2kUtvR4KGu9.3","action":"Commit.Sessions", "result":"Success", "context":{"id":"fde081d9-a41a-4e66-a559-6b9f78329996", "isDeleted":"true", "size":"0", "version":"1788708542897"}}
{"logTime": "0906/155153", "correlationVector":"k1V0pSeFkQm2kUtvR4KGu9.2","action":"Commit Response", "result":"Success", "context":Result: Success. cV=k1V0pSeFkQm2kUtvR4KGu9.0;server=akswtt10700000l;cloudType=Consumer;environment=Prod_southindia_prod-s01-004-apac-southindia;migrationStage=NotStarted}
{"logTime": "0906/160552", "correlationVector":"tsJ+XWWN/EqK+O2VfCy4kQ","action":"Normal GetUpdate request", "result":"", "context":cV=tsJ+XWWN/EqK+O2VfCy4kQ
Nudged types: Sessions, History
Refresh requested types: Bookmarks, Preferences, Passwords, Autofill Profiles, Autofill, Extensions, Sessions, Extension settings, History Delete Directives, Device Info, User Consents, Send Tab To Self, Web Apps, History, Saved Tab Group, WebAuthn Credentials, Edge Hub App Usage, Edge Workspace, Encryption Keys}
{"logTime": "0906/160552", "correlationVector":"tsJ+XWWN/EqK+O2VfCy4kQ.1","action":"SyncServerConnectionManagerRequest", "result":"SYNC_SERVER_OK", "context":{"environment":"Prod_southindia_prod-s01-004-apac-southindia", "migrationStage":"NotStarted", "server":"akswtt107000037"}}
{"logTime": "0906/160552", "correlationVector":"tsJ+XWWN/EqK+O2VfCy4kQ.2","action":"ProcessGetUpdates", "result":"Done", "context":{"dataType":"Sessions", "deleted":"1", "process_failed_to_decrypt":"0", "process_pending_decryption":"0", "process_success":"3", "total":"3"}}
{"logTime": "0906/160552", "correlationVector":"tsJ+XWWN/EqK+O2VfCy4kQ.3","action":"ProcessGetUpdates", "result":"Done", "context":{"dataType":"History", "deleted":"0", "process_failed_to_decrypt":"0", "process_pending_decryption":"0", "process_success":"12", "total":"12"}}
{"logTime": "0906/160552", "correlationVector":"tsJ+XWWN/EqK+O2VfCy4kQ.4","action":"GetUpdates Response", "result":"Success", "context":Received 15 update(s). cV=tsJ+XWWN/EqK+O2VfCy4kQ.0;server=akswtt107000037;cloudType=Consumer;environment=Prod_southindia_prod-s01-004-apac-southindia;migrationStage=NotStarted}
{"logTime": "0906/160552", "correlationVector":"4N6EySiNrokLSyrkp+JYT4","action":"Commit Request", "result":"", "context":Item count: 4
Contributing types: Sessions, History}
{"logTime": "0906/160553", "correlationVector":"4N6EySiNrokLSyrkp+JYT4.1","action":"SyncServerConnectionManagerRequest", "result":"SYNC_SERVER_OK", "context":{"environment":"Prod_southindia_prod-s01-004-apac-southindia", "migrationStage":"NotStarted", "server":"akswtt107000036"}}
{"logTime": "0906/160553", "correlationVector":"4N6EySiNrokLSyrkp+JYT4.3","action":"Commit.Sessions", "result":"Success", "context":{"id":"fbc55f5b-3071-43e0-819b-6d04d271c340", "isDeleted":"true", "size":"0", "version":"1788709913419"}}
{"logTime": "0906/160553", "correlationVector":"4N6EySiNrokLSyrkp+JYT4.2","action":"Commit Response", "result":"Success", "context":Result: Success. cV=4N6EySiNrokLSyrkp+JYT4.0;server=akswtt107000036;cloudType=Consumer;environment=Prod_southindia_prod-s01-004-apac-southindia;migrationStage=NotStarted}
{"logTime": "0906/165107", "correlationVector":"USVFVvQwtn3Q0J3TXHq/c8","action":"Normal GetUpdate request", "result":"", "context":cV=USVFVvQwtn3Q0J3TXHq/c8
Nudged types: Sessions, History
Refresh requested types: Bookmarks, Preferences, Passwords, Autofill Profiles, Autofill, Extensions, Sessions, Extension settings, History Delete Directives, Device Info, User Consents, Send Tab To Self, Web Apps, History, Saved Tab Group, WebAuthn Credentials, Edge Hub App Usage, Edge Workspace, Encryption Keys}
{"logTime": "0906/165108", "correlationVector":"USVFVvQwtn3Q0J3TXHq/c8.1","action":"SyncServerConnectionManagerRequest", "result":"SYNC_SERVER_OK", "context":{"environment":"Prod_southindia_prod-s01-004-apac-southindia", "migrationStage":"NotStarted", "server":"akswtt107000016"}}
{"logTime": "0906/165108", "correlationVector":"USVFVvQwtn3Q0J3TXHq/c8.2","action":"ProcessGetUpdates", "result":"Done", "context":{"dataType":"Sessions", "deleted":"1", "process_failed_to_decrypt":"0", "process_pending_decryption":"0", "process_success":"3", "total":"3"}}
{"logTime": "0906/165108", "correlationVector":"USVFVvQwtn3Q0J3TXHq/c8.3","action":"ProcessGetUpdates", "result":"Done", "context":{"dataType":"History", "deleted":"0", "process_failed_to_decrypt":"0", "process_pending_decryption":"0", "process_success":"13", "total":"13"}}
{"logTime": "0906/165108", "correlationVector":"USVFVvQwtn3Q0J3TXHq/c8.4","action":"GetUpdates Response", "result":"Success", "context":Received 16 update(s). cV=USVFVvQwtn3Q0J3TXHq/c8.0;server=akswtt107000016;cloudType=Consumer;environment=Prod_southindia_prod-s01-004-apac-southindia;migrationStage=NotStarted}
{"logTime": "0906/165108", "correlationVector":"rgkGLWckNqDJ8ZzFh6JEFc","action":"Commit Request", "result":"", "context":Item count: 4
Contributing types: Sessions, History}
{"logTime": "0906/165108", "correlationVector":"rgkGLWckNqDJ8ZzFh6JEFc.1","action":"SyncServerConnectionManagerRequest", "result":"SYNC_SERVER_OK", "context":{"environment":"Prod_southindia_prod-s01-004-apac-southindia", "migrationStage":"NotStarted", "server":"akswtt10700001c"}}
{"logTime": "0906/165108", "correlationVector":"rgkGLWckNqDJ8ZzFh6JEFc.3","action":"Commit.Sessions", "result":"Success", "context":{"id":"a792c186-78a9-4dab-a046-46036bd08885", "isDeleted":"true", "size":"0", "version":"1788710753034"}}
{"logTime": "0906/165108", "correlationVector":"rgkGLWckNqDJ8ZzFh6JEFc.2","action":"Commit Response", "result":"Success", "context":Result: Success. cV=rgkGLWckNqDJ8ZzFh6JEFc.0;server=akswtt10700001c;cloudType=Consumer;environment=Prod_southindia_prod-s01-004-apac-southindia;migrationStage=NotStarted}
{"logTime": "0906/165136", "correlationVector":"cbHWUi7UEb5/Ta6qbCQt34","action":"Normal GetUpdate request", "result":"", "context":cV=cbHWUi7UEb5/Ta6qbCQt34
Nudged types: Sessions, History
Refresh requested types: Bookmarks, Preferences, Passwords, Autofill Profiles, Autofill, Extensions, Sessions, Extension settings, History Delete Directives, Device Info, User Consents, Send Tab To Self, Web Apps, History, Saved Tab Group, WebAuthn Credentials, Edge Hub App Usage, Edge Workspace, Encryption Keys}
{"logTime": "0906/165137", "correlationVector":"cbHWUi7UEb5/Ta6qbCQt34.1","action":"SyncServerConnectionManagerRequest", "result":"SYNC_SERVER_OK", "context":{"environment":"Prod_southindia_prod-s01-004-apac-southindia", "migrationStage":"NotStarted", "server":"akswtt107000013"}}
{"logTime": "0906/165137", "correlationVector":"cbHWUi7UEb5/Ta6qbCQt34.2","action":"ProcessGetUpdates", "result":"Done", "context":{"dataType":"Sessions", "deleted":"1", "process_failed_to_decrypt":"0", "process_pending_decryption":"0", "process_success":"3", "total":"3"}}
{"logTime": "0906/165137", "correlationVector":"cbHWUi7UEb5/Ta6qbCQt34.3","action":"ProcessGetUpdates", "result":"Done", "context":{"dataType":"History", "deleted":"0", "process_failed_to_decrypt":"0", "process_pending_decryption":"0", "process_success":"14", "total":"14"}}
{"logTime": "0906/165137", "correlationVector":"cbHWUi7UEb5/Ta6qbCQt34.4","action":"GetUpdates Response", "result":"Success", "context":Received 17 update(s). cV=cbHWUi7UEb5/Ta6qbCQt34.0;server=akswtt107000013;cloudType=Consumer;environment=Prod_southindia_prod-s01-004-apac-southindia;migrationStage=NotStarted}
{"logTime": "0906/165137", "correlationVector":"m88ATyJbuWc575FqJ5N4/q","action":"Commit Request", "result":"", "context":Item count: 3
Contributing types: Sessions}
{"logTime": "0906/165138", "correlationVector":"m88ATyJbuWc575FqJ5N4/q.1","action":"SyncServerConnectionManagerRequest", "result":"SYNC_SERVER_OK", "context":{"environment":"Prod_southindia_prod-s01-004-apac-southindia", "migrationStage":"NotStarted", "server":"akswtt107000038"}}
{"logTime": "0906/165138", "correlationVector":"m88ATyJbuWc575FqJ5N4/q.2","action":"Commit Response", "result":"Success", "context":Result: Success. cV=m88ATyJbuWc575FqJ5N4/q.0;server=akswtt107000038;cloudType=Consumer;environment=Prod_southindia_prod-s01-004-apac-southindia;migrationStage=NotStarted}
{"logTime": "0906/165204", "correlationVector":"gR4rdjwa5DS47sYFINbRsM","action":"Normal GetUpdate request", "result":"", "context":cV=gR4rdjwa5DS47sYFINbRsM
Nudged types: Sessions, History
Refresh requested types: Bookmarks, Preferences, Passwords, Autofill Profiles, Autofill, Extensions, Sessions, Extension settings, History Delete Directives, Device Info, User Consents, Send Tab To Self, Web Apps, History, Saved Tab Group, WebAuthn Credentials, Edge Hub App Usage, Edge Workspace, Encryption Keys}
{"logTime": "0906/165205", "correlationVector":"gR4rdjwa5DS47sYFINbRsM.1","action":"SyncServerConnectionManagerRequest", "result":"SYNC_SERVER_OK", "context":{"environment":"Prod_southindia_prod-s01-004-apac-southindia", "migrationStage":"NotStarted", "server":"akswtt107000029"}}
{"logTime": "0906/165205", "correlationVector":"gR4rdjwa5DS47sYFINbRsM.2","action":"ProcessGetUpdates", "result":"Done", "context":{"dataType":"Sessions", "deleted":"0", "process_failed_to_decrypt":"0", "process_pending_decryption":"0", "process_success":"3", "total":"3"}}
{"logTime": "0906/165205", "correlationVector":"gR4rdjwa5DS47sYFINbRsM.3","action":"ProcessGetUpdates", "result":"Done", "context":{"dataType":"History", "deleted":"0", "process_failed_to_decrypt":"0", "process_pending_decryption":"0", "process_success":"14", "total":"14"}}
{"logTime": "0906/165205", "correlationVector":"gR4rdjwa5DS47sYFINbRsM.4","action":"GetUpdates Response", "result":"Success", "context":Received 17 update(s). cV=gR4rdjwa5DS47sYFINbRsM.0;server=akswtt107000029;cloudType=Consumer;environment=Prod_southindia_prod-s01-004-apac-southindia;migrationStage=NotStarted}
{"logTime": "0906/165205", "correlationVector":"op2YdssYMp9pKcsOat5PmZ","action":"Commit Request", "result":"", "context":Item count: 3
Contributing types: Sessions}
{"logTime": "0906/165205", "correlationVector":"op2YdssYMp9pKcsOat5PmZ.1","action":"SyncServerConnectionManagerRequest", "result":"SYNC_SERVER_OK", "context":{"environment":"Prod_southindia_prod-s01-004-apac-southindia", "migrationStage":"NotStarted", "server":"akswtt10700000a"}}
{"logTime": "0906/165205", "correlationVector":"op2YdssYMp9pKcsOat5PmZ.2","action":"Commit Response", "result":"Success", "context":Result: Success. cV=op2YdssYMp9pKcsOat5PmZ.0;server=akswtt10700000a;cloudType=Consumer;environment=Prod_southindia_prod-s01-004-apac-southindia;migrationStage=NotStarted}
